2026-03-27T13:47:47.778+08:00  INFO 11424 --- [service-product] [           main] c.a.nacos.client.logging.NacosLogging    : Nacos Logging Adapter Builder: com.alibaba.nacos.logger.adapter.logback12.LogbackNacosLoggingAdapterBuilder
2026-03-27T13:47:47.791+08:00  INFO 11424 --- [service-product] [           main] c.a.nacos.client.logging.NacosLogging    : Nacos Logging Adapter Builder: com.alibaba.nacos.logger.adapter.logback14.LogbackNacosLoggingAdapterBuilder
2026-03-27T13:47:47.794+08:00  INFO 11424 --- [service-product] [           main] c.a.nacos.client.logging.NacosLogging    : Nacos Logging Adapter: com.alibaba.nacos.logger.adapter.logback14.LogbackNacosLoggingAdapter match ch.qos.logback.classic.Logger success.
2026-03-27T13:47:47.803+08:00  INFO 11424 --- [service-product] [           main] c.a.nacos.client.logging.NacosLogging    : Nacos Logging Adapter Builder: com.alibaba.nacos.logger.adapter.log4j2.Log4j2NacosLoggingAdapterBuilder

  .   ____          _            __ _ _
 /\\ / ___'_ __ _ _(_)_ __  __ _ \ \ \ \
( ( )\___ | '_ | '_| | '_ \/ _` | \ \ \ \
 \\/  ___)| |_)| | | | | || (_| |  ) ) ) )
  '  |____| .__|_| |_|_| |_\__, | / / / /
 =========|_|==============|___/=/_/_/_/

 :: Spring Boot ::                (v3.3.4)

INFO: Sentinel log output type is: file
INFO: Sentinel log charset is: utf-8
INFO: Sentinel log base directory is: C:\Users\s1362\logs\csp\
INFO: Sentinel log name use pid is: false
INFO: Sentinel log level is: INFO
2026-03-27T13:47:48.426+08:00  INFO 11424 --- [service-product] [           main] o.e.product.ProductServiceApplication    : Starting ProductServiceApplication using Java 17.0.12 with PID 11424 (D:\作业\笔记\cloud-demo模板\services\service-product\target\classes started by s1362 in D:\作业\笔记\cloud-demo模板\services\service-product)
2026-03-27T13:47:48.432+08:00  INFO 11424 --- [service-product] [           main] o.e.product.ProductServiceApplication    : No active profile set, falling back to 1 default profile: "default"
2026-03-27T13:47:50.824+08:00  INFO 11424 --- [service-product] [           main] .s.d.r.c.RepositoryConfigurationDelegate : Multiple Spring Data modules found, entering strict repository configuration mode
2026-03-27T13:47:50.830+08:00  INFO 11424 --- [service-product] [           main] .s.d.r.c.RepositoryConfigurationDelegate : Bootstrapping Spring Data Redis repositories in DEFAULT mode.
2026-03-27T13:47:50.900+08:00  INFO 11424 --- [service-product] [           main] .s.d.r.c.RepositoryConfigurationDelegate : Finished Spring Data repository scanning in 45 ms. Found 0 Redis repository interfaces.
2026-03-27T13:47:51.789+08:00  INFO 11424 --- [service-product] [           main] o.s.cloud.context.scope.GenericScope     : BeanFactory id=cc20eae9-7fb0-3419-9c7e-2ac8455e221a
2026-03-27T13:47:51.890+08:00  WARN 11424 --- [service-product] [           main] trationDelegate$BeanPostProcessorChecker : Bean 'com.alibaba.cloud.nacos.NacosConfigAutoConfiguration' of type [com.alibaba.cloud.nacos.NacosConfigAutoConfiguration] is not eligible for getting processed by all BeanPostProcessors (for example: not eligible for auto-proxying). The currently created BeanPostProcessor [nacosAnnotationProcessor] is declared through a non-static factory method on that class; consider declaring it as static instead.
2026-03-27T13:47:53.595+08:00  INFO 11424 --- [service-product] [           main] o.s.b.w.embedded.tomcat.TomcatWebServer  : Tomcat initialized with port 8083 (http)
2026-03-27T13:47:53.642+08:00  INFO 11424 --- [service-product] [           main] o.apache.catalina.core.StandardService   : Starting service [Tomcat]
2026-03-27T13:47:53.645+08:00  INFO 11424 --- [service-product] [           main] o.apache.catalina.core.StandardEngine    : Starting Servlet engine: [Apache Tomcat/10.1.30]
2026-03-27T13:47:53.951+08:00  INFO 11424 --- [service-product] [           main] o.a.c.c.C.[Tomcat].[localhost].[/]       : Initializing Spring embedded WebApplicationContext
2026-03-27T13:47:53.956+08:00  INFO 11424 --- [service-product] [           main] w.s.c.ServletWebServerApplicationContext : Root WebApplicationContext: initialization completed in 5406 ms
 _ _   |_  _ _|_. ___ _ |    _ 
| | |\/|_)(_| | |_\  |_)||_|_\ 
     /               |         
                        3.5.5 
2026-03-27T13:47:59.907+08:00  INFO 11424 --- [service-product] [           main] c.a.c.sentinel.SentinelWebMvcConfigurer  : [Sentinel Starter] register SentinelWebInterceptor with urlPatterns: [/**].
2026-03-27T13:48:02.066+08:00  INFO 11424 --- [service-product] [           main] c.a.n.p.a.s.c.ClientAuthPluginManager    : [ClientAuthPluginManager] Load ClientAuthService com.alibaba.nacos.client.auth.impl.NacosClientAuthServiceImpl success.
2026-03-27T13:48:02.067+08:00  INFO 11424 --- [service-product] [           main] c.a.n.p.a.s.c.ClientAuthPluginManager    : [ClientAuthPluginManager] Load ClientAuthService com.alibaba.nacos.client.auth.ram.RamClientAuthServiceImpl success.
2026-03-27T13:48:05.677+08:00  INFO 11424 --- [service-product] [           main] o.s.b.w.embedded.tomcat.TomcatWebServer  : Tomcat started on port 8083 (http) with context path '/'
2026-03-27T13:48:05.811+08:00  INFO 11424 --- [service-product] [           main] c.a.n.p.a.s.c.ClientAuthPluginManager    : [ClientAuthPluginManager] Load ClientAuthService com.alibaba.nacos.client.auth.impl.NacosClientAuthServiceImpl success.
2026-03-27T13:48:05.816+08:00  INFO 11424 --- [service-product] [           main] c.a.n.p.a.s.c.ClientAuthPluginManager    : [ClientAuthPluginManager] Load ClientAuthService com.alibaba.nacos.client.auth.ram.RamClientAuthServiceImpl success.
2026-03-27T13:48:07.633+08:00  INFO 11424 --- [service-product] [           main] c.a.n.c.a.AbstractAbilityControlManager  : Ready to get current node abilities...
2026-03-27T13:48:07.636+08:00  INFO 11424 --- [service-product] [           main] c.a.n.c.a.AbstractAbilityControlManager  : Ready to initialize current node abilities, support modes: [SDK_CLIENT]
2026-03-27T13:48:07.638+08:00  INFO 11424 --- [service-product] [           main] c.a.n.c.a.AbstractAbilityControlManager  : Initialize current abilities finish...
2026-03-27T13:48:07.638+08:00  INFO 11424 --- [service-product] [           main] c.a.n.c.a.d.NacosAbilityManagerHolder    : [AbilityControlManager] Successfully initialize AbilityControlManager
2026-03-27T13:48:07.696+08:00  INFO 11424 --- [service-product] [           main] c.a.c.n.registry.NacosServiceRegistry    : nacos registry, DEFAULT_GROUP service-product 10.200.36.244:8083 register finished
2026-03-27T13:48:08.026+08:00  INFO 11424 --- [service-product] [           main] o.e.product.ProductServiceApplication    : Started ProductServiceApplication in 21.04 seconds (process running for 21.464)
