2026-04-13T11:27:06.434+08:00  INFO 9488 --- [main] com.itheima.BigEventApplication          : Starting BigEventApplication using Java 17.0.16 with PID 9488 (D:\作业\求职项目\校园二手交易平台\Back-blog\target\classes started by s1362 in D:\作业\求职项目\校园二手交易平台\Back-blog)
2026-04-13T11:27:06.440+08:00  INFO 9488 --- [main] com.itheima.BigEventApplication          : No active profile set, falling back to 1 default profile: "default"
2026-04-13T11:27:08.283+08:00  INFO 9488 --- [main] .s.d.r.c.RepositoryConfigurationDelegate : Multiple Spring Data modules found, entering strict repository configuration mode
2026-04-13T11:27:08.287+08:00  INFO 9488 --- [main] .s.d.r.c.RepositoryConfigurationDelegate : Bootstrapping Spring Data Redis repositories in DEFAULT mode.
2026-04-13T11:27:08.331+08:00  INFO 9488 --- [main] .s.d.r.c.RepositoryConfigurationDelegate : Finished Spring Data repository scanning in 25 ms. Found 0 Redis repository interfaces.
2026-04-13T11:27:09.221+08:00  INFO 9488 --- [main] o.s.b.w.embedded.tomcat.TomcatWebServer  : Tomcat initialized with port 8080 (http)
2026-04-13T11:27:09.235+08:00  INFO 9488 --- [main] o.apache.catalina.core.StandardService   : Starting service [Tomcat]
2026-04-13T11:27:09.236+08:00  INFO 9488 --- [main] o.apache.catalina.core.StandardEngine    : Starting Servlet engine: [Apache Tomcat/10.1.39]
2026-04-13T11:27:09.323+08:00  INFO 9488 --- [main] o.a.c.c.C.[Tomcat].[localhost].[/]       : Initializing Spring embedded WebApplicationContext
2026-04-13T11:27:09.324+08:00  INFO 9488 --- [main] w.s.c.ServletWebServerApplicationContext : Root WebApplicationContext: initialization completed in 2811 ms
2026-04-13T11:27:19.829+08:00 ERROR 9488 --- [main] i.m.client.AbstractMilvusGrpcClient      : DEADLINE_EXCEEDED: deadline exceeded after 9.967866900s. Name resolution delay 0.000719300 seconds. [closed=[], open=[[wait_for_ready, buffered_nanos=9978873500, waiting_for_connection]]]
2026-04-13T11:27:19.831+08:00 ERROR 9488 --- [main] i.m.client.AbstractMilvusGrpcClient      : Failed to initialize connection. Error: DEADLINE_EXCEEDED: deadline exceeded after 9.967866900s. Name resolution delay 0.000719300 seconds. [closed=[], open=[[wait_for_ready, buffered_nanos=9978873500, waiting_for_connection]]]
2026-04-13T11:27:19.832+08:00  WARN 9488 --- [main] ConfigServletWebServerApplicationContext : Exception encountered during context initialization - cancelling refresh attempt: org.springframework.beans.factory.BeanCreationException: Error creating bean with name 'milvusInitConfig': Invocation of init method failed
2026-04-13T11:27:19.836+08:00  INFO 9488 --- [main] o.apache.catalina.core.StandardService   : Stopping service [Tomcat]
2026-04-13T11:27:19.862+08:00  INFO 9488 --- [main] .s.b.a.l.ConditionEvaluationReportLogger : 

Error starting ApplicationContext. To display the condition evaluation report re-run your application with 'debug' enabled.
2026-04-13T11:27:19.879+08:00 ERROR 9488 --- [main] o.s.boot.SpringApplication               : Application run failed

org.springframework.beans.factory.BeanCreationException: Error creating bean with name 'milvusInitConfig': Invocation of init method failed
	at org.springframework.beans.factory.annotation.InitDestroyAnnotationBeanPostProcessor.postProcessBeforeInitialization(InitDestroyAnnotationBeanPostProcessor.java:222) ~[spring-beans-6.2.5.jar:6.2.5]
	at org.springframework.beans.factory.support.AbstractAutowireCapableBeanFactory.applyBeanPostProcessorsBeforeInitialization(AbstractAutowireCapableBeanFactory.java:423) ~[spring-beans-6.2.5.jar:6.2.5]
	at org.springframework.beans.factory.support.AbstractAutowireCapableBeanFactory.initializeBean(AbstractAutowireCapableBeanFactory.java:1804) ~[spring-beans-6.2.5.jar:6.2.5]
	at org.springframework.beans.factory.support.AbstractAutowireCapableBeanFactory.doCreateBean(AbstractAutowireCapableBeanFactory.java:601) ~[spring-beans-6.2.5.jar:6.2.5]
	at org.springframework.beans.factory.support.AbstractAutowireCapableBeanFactory.createBean(AbstractAutowireCapableBeanFactory.java:523) ~[spring-beans-6.2.5.jar:6.2.5]
	at org.springframework.beans.factory.support.AbstractBeanFactory.lambda$doGetBean$0(AbstractBeanFactory.java:339) ~[spring-beans-6.2.5.jar:6.2.5]
	at org.springframework.beans.factory.support.DefaultSingletonBeanRegistry.getSingleton(DefaultSingletonBeanRegistry.java:347) ~[spring-beans-6.2.5.jar:6.2.5]
	at org.springframework.beans.factory.support.AbstractBeanFactory.doGetBean(AbstractBeanFactory.java:337) ~[spring-beans-6.2.5.jar:6.2.5]
	at org.springframework.beans.factory.support.AbstractBeanFactory.getBean(AbstractBeanFactory.java:202) ~[spring-beans-6.2.5.jar:6.2.5]
	at org.springframework.beans.factory.support.DefaultListableBeanFactory.instantiateSingleton(DefaultListableBeanFactory.java:1155) ~[spring-beans-6.2.5.jar:6.2.5]
	at org.springframework.beans.factory.support.DefaultListableBeanFactory.preInstantiateSingleton(DefaultListableBeanFactory.java:1121) ~[spring-beans-6.2.5.jar:6.2.5]
	at org.springframework.beans.factory.support.DefaultListableBeanFactory.preInstantiateSingletons(DefaultListableBeanFactory.java:1056) ~[spring-beans-6.2.5.jar:6.2.5]
	at org.springframework.context.support.AbstractApplicationContext.finishBeanFactoryInitialization(AbstractApplicationContext.java:987) ~[spring-context-6.2.5.jar:6.2.5]
	at org.springframework.context.support.AbstractApplicationContext.refresh(AbstractApplicationContext.java:627) ~[spring-context-6.2.5.jar:6.2.5]
	at org.springframework.boot.web.servlet.context.ServletWebServerApplicationContext.refresh(ServletWebServerApplicationContext.java:146) ~[spring-boot-3.4.4.jar:3.4.4]
	at org.springframework.boot.SpringApplication.refresh(SpringApplication.java:752) ~[spring-boot-3.4.4.jar:3.4.4]
	at org.springframework.boot.SpringApplication.refreshContext(SpringApplication.java:439) ~[spring-boot-3.4.4.jar:3.4.4]
	at org.springframework.boot.SpringApplication.run(SpringApplication.java:318) ~[spring-boot-3.4.4.jar:3.4.4]
	at org.springframework.boot.SpringApplication.run(SpringApplication.java:1361) ~[spring-boot-3.4.4.jar:3.4.4]
	at org.springframework.boot.SpringApplication.run(SpringApplication.java:1350) ~[spring-boot-3.4.4.jar:3.4.4]
	at com.itheima.BigEventApplication.main(BigEventApplication.java:15) ~[classes/:na]
Caused by: java.lang.RuntimeException: Milvus 集合初始化异常
	at com.itheima.util.MilvusCollectionUtil.initGoodsCollection(MilvusCollectionUtil.java:109) ~[classes/:na]
	at com.itheima.config.MilvusInitConfig.initMilvusCollection(MilvusInitConfig.java:19) ~[classes/:na]
	at java.base/jdk.internal.reflect.NativeMethodAccessorImpl.invoke0(Native Method) ~[na:na]
	at java.base/jdk.internal.reflect.NativeMethodAccessorImpl.invoke(NativeMethodAccessorImpl.java:77) ~[na:na]
	at java.base/jdk.internal.reflect.DelegatingMethodAccessorImpl.invoke(DelegatingMethodAccessorImpl.java:43) ~[na:na]
	at java.base/java.lang.reflect.Method.invoke(Method.java:569) ~[na:na]
	at org.springframework.beans.factory.annotation.InitDestroyAnnotationBeanPostProcessor$LifecycleMethod.invoke(InitDestroyAnnotationBeanPostProcessor.java:457) ~[spring-beans-6.2.5.jar:6.2.5]
	at org.springframework.beans.factory.annotation.InitDestroyAnnotationBeanPostProcessor$LifecycleMetadata.invokeInitMethods(InitDestroyAnnotationBeanPostProcessor.java:401) ~[spring-beans-6.2.5.jar:6.2.5]
	at org.springframework.beans.factory.annotation.InitDestroyAnnotationBeanPostProcessor.postProcessBeforeInitialization(InitDestroyAnnotationBeanPostProcessor.java:219) ~[spring-beans-6.2.5.jar:6.2.5]
	... 20 common frames omitted
Caused by: java.lang.RuntimeException: Failed to initialize connection. Error: DEADLINE_EXCEEDED: deadline exceeded after 9.967866900s. Name resolution delay 0.000719300 seconds. [closed=[], open=[[wait_for_ready, buffered_nanos=9978873500, waiting_for_connection]]]
	at io.milvus.client.MilvusServiceClient.<init>(MilvusServiceClient.java:175) ~[milvus-sdk-java-2.4.4.jar:na]
	at com.itheima.util.MilvusClientUtil.getClient(MilvusClientUtil.java:26) ~[classes/:na]
	at com.itheima.util.MilvusCollectionUtil.initGoodsCollection(MilvusCollectionUtil.java:33) ~[classes/:na]
	... 28 common frames omitted

2026-04-13T11:27:56.849+08:00  INFO 25796 --- [main] com.itheima.BigEventApplication          : Starting BigEventApplication using Java 17.0.16 with PID 25796 (D:\作业\求职项目\校园二手交易平台\Back-blog\target\classes started by s1362 in D:\作业\求职项目\校园二手交易平台\Back-blog)
2026-04-13T11:27:56.852+08:00  INFO 25796 --- [main] com.itheima.BigEventApplication          : No active profile set, falling back to 1 default profile: "default"
2026-04-13T11:27:58.515+08:00  INFO 25796 --- [main] .s.d.r.c.RepositoryConfigurationDelegate : Multiple Spring Data modules found, entering strict repository configuration mode
2026-04-13T11:27:58.519+08:00  INFO 25796 --- [main] .s.d.r.c.RepositoryConfigurationDelegate : Bootstrapping Spring Data Redis repositories in DEFAULT mode.
2026-04-13T11:27:58.596+08:00  INFO 25796 --- [main] .s.d.r.c.RepositoryConfigurationDelegate : Finished Spring Data repository scanning in 51 ms. Found 0 Redis repository interfaces.
2026-04-13T11:27:59.537+08:00  INFO 25796 --- [main] o.s.b.w.embedded.tomcat.TomcatWebServer  : Tomcat initialized with port 8080 (http)
2026-04-13T11:27:59.553+08:00  INFO 25796 --- [main] o.apache.catalina.core.StandardService   : Starting service [Tomcat]
2026-04-13T11:27:59.553+08:00  INFO 25796 --- [main] o.apache.catalina.core.StandardEngine    : Starting Servlet engine: [Apache Tomcat/10.1.39]
2026-04-13T11:27:59.650+08:00  INFO 25796 --- [main] o.a.c.c.C.[Tomcat].[localhost].[/]       : Initializing Spring embedded WebApplicationContext
2026-04-13T11:27:59.650+08:00  INFO 25796 --- [main] w.s.c.ServletWebServerApplicationContext : Root WebApplicationContext: initialization completed in 2743 ms
2026-04-13T11:28:01.483+08:00  INFO 25796 --- [main] c.itheima.service.impl.OrderServiceImpl  : 开始初始化商品库存缓存...
2026-04-13T11:28:01.710+08:00 DEBUG 25796 --- [main] c.i.mapper.GoodsMapper.findAllOnSale     : ==>  Preparing: SELECT id, goods_name, stock, goods_status FROM goods WHERE goods_status = 1
2026-04-13T11:28:01.725+08:00 DEBUG 25796 --- [main] c.i.mapper.GoodsMapper.findAllOnSale     : ==> Parameters: 
2026-04-13T11:28:01.788+08:00 DEBUG 25796 --- [main] c.i.mapper.GoodsMapper.findAllOnSale     : <==      Total: 18
2026-04-13T11:28:02.303+08:00  INFO 25796 --- [main] c.itheima.service.impl.OrderServiceImpl  : 商品库存缓存初始化完成，共初始化18个商品
2026-04-13T11:28:03.401+08:00  INFO 25796 --- [main] o.s.b.a.e.web.EndpointLinksResolver      : Exposing 1 endpoint beneath base path '/actuator'
2026-04-13T11:28:03.472+08:00  INFO 25796 --- [main] o.s.b.w.embedded.tomcat.TomcatWebServer  : Tomcat started on port 8080 (http) with context path '/'
2026-04-13T11:28:03.487+08:00  INFO 25796 --- [main] com.itheima.BigEventApplication          : Started BigEventApplication in 7.201 seconds (process running for 8.19)
2026-04-13T11:28:03.905+08:00  INFO 25796 --- [RMI TCP Connection(4)-10.200.139.83] o.a.c.c.C.[Tomcat].[localhost].[/]       : Initializing Spring DispatcherServlet 'dispatcherServlet'
2026-04-13T11:28:03.905+08:00  INFO 25796 --- [RMI TCP Connection(4)-10.200.139.83] o.s.web.servlet.DispatcherServlet        : Initializing Servlet 'dispatcherServlet'
2026-04-13T11:28:03.908+08:00  INFO 25796 --- [RMI TCP Connection(4)-10.200.139.83] o.s.web.servlet.DispatcherServlet        : Completed initialization in 3 ms
2026-04-13T11:29:59.563+08:00  INFO 25796 --- [SpringApplicationShutdownHook] o.s.b.w.e.tomcat.GracefulShutdown        : Commencing graceful shutdown. Waiting for active requests to complete
2026-04-13T11:29:59.809+08:00  INFO 25796 --- [tomcat-shutdown] o.s.b.w.e.tomcat.GracefulShutdown        : Graceful shutdown complete
2026-04-13T11:30:03.732+08:00  INFO 19004 --- [main] com.itheima.BigEventApplication          : Starting BigEventApplication using Java 17.0.16 with PID 19004 (D:\作业\求职项目\校园二手交易平台\Back-blog\target\classes started by s1362 in D:\作业\求职项目\校园二手交易平台\Back-blog)
2026-04-13T11:30:03.736+08:00  INFO 19004 --- [main] com.itheima.BigEventApplication          : No active profile set, falling back to 1 default profile: "default"
2026-04-13T11:30:05.273+08:00  INFO 19004 --- [main] .s.d.r.c.RepositoryConfigurationDelegate : Multiple Spring Data modules found, entering strict repository configuration mode
2026-04-13T11:30:05.279+08:00  INFO 19004 --- [main] .s.d.r.c.RepositoryConfigurationDelegate : Bootstrapping Spring Data Redis repositories in DEFAULT mode.
2026-04-13T11:30:05.357+08:00  INFO 19004 --- [main] .s.d.r.c.RepositoryConfigurationDelegate : Finished Spring Data repository scanning in 44 ms. Found 0 Redis repository interfaces.
2026-04-13T11:30:06.566+08:00  INFO 19004 --- [main] o.s.b.w.embedded.tomcat.TomcatWebServer  : Tomcat initialized with port 8080 (http)
2026-04-13T11:30:06.581+08:00  INFO 19004 --- [main] o.apache.catalina.core.StandardService   : Starting service [Tomcat]
2026-04-13T11:30:06.581+08:00  INFO 19004 --- [main] o.apache.catalina.core.StandardEngine    : Starting Servlet engine: [Apache Tomcat/10.1.39]
2026-04-13T11:30:06.700+08:00  INFO 19004 --- [main] o.a.c.c.C.[Tomcat].[localhost].[/]       : Initializing Spring embedded WebApplicationContext
2026-04-13T11:30:06.700+08:00  INFO 19004 --- [main] w.s.c.ServletWebServerApplicationContext : Root WebApplicationContext: initialization completed in 2899 ms
2026-04-13T11:30:08.752+08:00  INFO 19004 --- [main] c.itheima.service.impl.OrderServiceImpl  : 开始初始化商品库存缓存...
2026-04-13T11:30:08.884+08:00 DEBUG 19004 --- [main] c.i.mapper.GoodsMapper.findAllOnSale     : ==>  Preparing: SELECT id, goods_name, stock, goods_status FROM goods WHERE goods_status = 1
2026-04-13T11:30:08.898+08:00 DEBUG 19004 --- [main] c.i.mapper.GoodsMapper.findAllOnSale     : ==> Parameters: 
2026-04-13T11:30:08.924+08:00 DEBUG 19004 --- [main] c.i.mapper.GoodsMapper.findAllOnSale     : <==      Total: 18
2026-04-13T11:30:09.501+08:00  INFO 19004 --- [main] c.itheima.service.impl.OrderServiceImpl  : 商品库存缓存初始化完成，共初始化18个商品
2026-04-13T11:30:10.484+08:00  INFO 19004 --- [main] o.s.b.a.e.web.EndpointLinksResolver      : Exposing 1 endpoint beneath base path '/actuator'
2026-04-13T11:30:10.566+08:00  INFO 19004 --- [main] o.s.b.w.embedded.tomcat.TomcatWebServer  : Tomcat started on port 8080 (http) with context path '/'
2026-04-13T11:30:10.580+08:00  INFO 19004 --- [main] com.itheima.BigEventApplication          : Started BigEventApplication in 7.485 seconds (process running for 8.395)
2026-04-13T11:30:11.249+08:00  INFO 19004 --- [RMI TCP Connection(4)-10.200.139.83] o.a.c.c.C.[Tomcat].[localhost].[/]       : Initializing Spring DispatcherServlet 'dispatcherServlet'
2026-04-13T11:30:11.250+08:00  INFO 19004 --- [RMI TCP Connection(4)-10.200.139.83] o.s.web.servlet.DispatcherServlet        : Initializing Servlet 'dispatcherServlet'
2026-04-13T11:30:11.252+08:00  INFO 19004 --- [RMI TCP Connection(4)-10.200.139.83] o.s.web.servlet.DispatcherServlet        : Completed initialization in 2 ms
2026-04-13T11:36:16.692+08:00  WARN 19004 --- [HikariCP-Pool housekeeper] com.zaxxer.hikari.pool.HikariPool        : HikariCP-Pool - Thread starvation or clock leap detected (housekeeper delta=1m7s677ms80µs100ns).
2026-04-13T11:36:21.011+08:00  INFO 19004 --- [SpringApplicationShutdownHook] o.s.b.w.e.tomcat.GracefulShutdown        : Commencing graceful shutdown. Waiting for active requests to complete
2026-04-13T11:36:21.217+08:00  INFO 19004 --- [tomcat-shutdown] o.s.b.w.e.tomcat.GracefulShutdown        : Graceful shutdown complete
