2026-03-27T13:49:31.974+08:00  INFO 50952 --- [service-collect] [           main] c.a.nacos.client.logging.NacosLogging    : Nacos Logging Adapter Builder: com.alibaba.nacos.logger.adapter.logback12.LogbackNacosLoggingAdapterBuilder
2026-03-27T13:49:32.000+08:00  INFO 50952 --- [service-collect] [           main] c.a.nacos.client.logging.NacosLogging    : Nacos Logging Adapter Builder: com.alibaba.nacos.logger.adapter.logback14.LogbackNacosLoggingAdapterBuilder
2026-03-27T13:49:32.003+08:00  INFO 50952 --- [service-collect] [           main] c.a.nacos.client.logging.NacosLogging    : Nacos Logging Adapter: com.alibaba.nacos.logger.adapter.logback14.LogbackNacosLoggingAdapter match ch.qos.logback.classic.Logger success.
2026-03-27T13:49:32.030+08:00  INFO 50952 --- [service-collect] [           main] c.a.nacos.client.logging.NacosLogging    : Nacos Logging Adapter Builder: com.alibaba.nacos.logger.adapter.log4j2.Log4j2NacosLoggingAdapterBuilder

  .   ____          _            __ _ _
 /\\ / ___'_ __ _ _(_)_ __  __ _ \ \ \ \
( ( )\___ | '_ | '_| | '_ \/ _` | \ \ \ \
 \\/  ___)| |_)| | | | | || (_| |  ) ) ) )
  '  |____| .__|_| |_|_| |_\__, | / / / /
 =========|_|==============|___/=/_/_/_/

 :: Spring Boot ::                (v3.3.4)

INFO: Sentinel log output type is: file
INFO: Sentinel log charset is: utf-8
INFO: Sentinel log base directory is: C:\Users\s1362\logs\csp\
INFO: Sentinel log name use pid is: false
INFO: Sentinel log level is: INFO
2026-03-27T13:49:32.594+08:00  INFO 50952 --- [service-collect] [           main] o.e.collect.CollectServiceApplication    : Starting CollectServiceApplication using Java 17.0.12 with PID 50952 (D:\作业\笔记\cloud-demo模板\services\service-collect\target\classes started by s1362 in D:\作业\笔记\cloud-demo模板\services\service-collect)
2026-03-27T13:49:32.597+08:00  INFO 50952 --- [service-collect] [           main] o.e.collect.CollectServiceApplication    : No active profile set, falling back to 1 default profile: "default"
2026-03-27T13:49:34.626+08:00  INFO 50952 --- [service-collect] [           main] .s.d.r.c.RepositoryConfigurationDelegate : Multiple Spring Data modules found, entering strict repository configuration mode
2026-03-27T13:49:34.634+08:00  INFO 50952 --- [service-collect] [           main] .s.d.r.c.RepositoryConfigurationDelegate : Bootstrapping Spring Data Redis repositories in DEFAULT mode.
2026-03-27T13:49:34.696+08:00  INFO 50952 --- [service-collect] [           main] .s.d.r.c.RepositoryConfigurationDelegate : Finished Spring Data repository scanning in 31 ms. Found 0 Redis repository interfaces.
2026-03-27T13:49:35.214+08:00  INFO 50952 --- [service-collect] [           main] o.s.cloud.context.scope.GenericScope     : BeanFactory id=df7e906e-d50d-3fe2-9d33-dde29cf99443
2026-03-27T13:49:35.306+08:00  WARN 50952 --- [service-collect] [           main] trationDelegate$BeanPostProcessorChecker : Bean 'com.alibaba.cloud.nacos.NacosConfigAutoConfiguration' of type [com.alibaba.cloud.nacos.NacosConfigAutoConfiguration] is not eligible for getting processed by all BeanPostProcessors (for example: not eligible for auto-proxying). The currently created BeanPostProcessor [nacosAnnotationProcessor] is declared through a non-static factory method on that class; consider declaring it as static instead.
2026-03-27T13:49:35.881+08:00  WARN 50952 --- [service-collect] [           main] trationDelegate$BeanPostProcessorChecker : Bean 'org.springframework.cloud.client.loadbalancer.LoadBalancerAutoConfiguration$DeferringLoadBalancerInterceptorConfig' of type [org.springframework.cloud.client.loadbalancer.LoadBalancerAutoConfiguration$DeferringLoadBalancerInterceptorConfig] is not eligible for getting processed by all BeanPostProcessors (for example: not eligible for auto-proxying). The currently created BeanPostProcessor [lbRestClientPostProcessor] is declared through a non-static factory method on that class; consider declaring it as static instead.
2026-03-27T13:49:35.885+08:00  WARN 50952 --- [service-collect] [           main] trationDelegate$BeanPostProcessorChecker : Bean 'deferringLoadBalancerInterceptor' of type [org.springframework.cloud.client.loadbalancer.DeferringLoadBalancerInterceptor] is not eligible for getting processed by all BeanPostProcessors (for example: not eligible for auto-proxying). Is this bean getting eagerly injected into a currently created BeanPostProcessor [lbRestClientPostProcessor]? Check the corresponding BeanPostProcessor declaration and its dependencies.
2026-03-27T13:49:36.826+08:00  INFO 50952 --- [service-collect] [           main] o.s.b.w.embedded.tomcat.TomcatWebServer  : Tomcat initialized with port 8085 (http)
2026-03-27T13:49:36.890+08:00  INFO 50952 --- [service-collect] [           main] o.apache.catalina.core.StandardService   : Starting service [Tomcat]
2026-03-27T13:49:36.892+08:00  INFO 50952 --- [service-collect] [           main] o.apache.catalina.core.StandardEngine    : Starting Servlet engine: [Apache Tomcat/10.1.30]
2026-03-27T13:49:37.163+08:00  INFO 50952 --- [service-collect] [           main] o.a.c.c.C.[Tomcat].[localhost].[/]       : Initializing Spring embedded WebApplicationContext
2026-03-27T13:49:37.166+08:00  INFO 50952 --- [service-collect] [           main] w.s.c.ServletWebServerApplicationContext : Root WebApplicationContext: initialization completed in 4472 ms
 _ _   |_  _ _|_. ___ _ |    _ 
| | |\/|_)(_| | |_\  |_)||_|_\ 
     /               |         
                        3.5.5 
2026-03-27T13:49:40.532+08:00  INFO 50952 --- [service-collect] [           main] o.s.c.openfeign.FeignClientFactoryBean   : For 'service-product' URL not provided. Will try picking an instance via load-balancing.
2026-03-27T13:49:40.945+08:00  INFO 50952 --- [service-collect] [           main] c.a.c.sentinel.SentinelWebMvcConfigurer  : [Sentinel Starter] register SentinelWebInterceptor with urlPatterns: [/**].
2026-03-27T13:49:42.175+08:00  INFO 50952 --- [service-collect] [           main] c.a.n.p.a.s.c.ClientAuthPluginManager    : [ClientAuthPluginManager] Load ClientAuthService com.alibaba.nacos.client.auth.impl.NacosClientAuthServiceImpl success.
2026-03-27T13:49:42.177+08:00  INFO 50952 --- [service-collect] [           main] c.a.n.p.a.s.c.ClientAuthPluginManager    : [ClientAuthPluginManager] Load ClientAuthService com.alibaba.nacos.client.auth.ram.RamClientAuthServiceImpl success.
2026-03-27T13:49:43.677+08:00  WARN 50952 --- [service-collect] [           main] iguration$LoadBalancerCaffeineWarnLogger : Spring Cloud LoadBalancer is currently working with the default cache. While this cache implementation is useful for development and tests, it's recommended to use Caffeine cache in production.You can switch to using Caffeine cache, by adding it and org.springframework.cache.caffeine.CaffeineCacheManager to the classpath.
2026-03-27T13:49:43.829+08:00  INFO 50952 --- [service-collect] [           main] o.s.b.w.embedded.tomcat.TomcatWebServer  : Tomcat started on port 8085 (http) with context path '/'
2026-03-27T13:49:43.861+08:00  INFO 50952 --- [service-collect] [           main] c.a.n.p.a.s.c.ClientAuthPluginManager    : [ClientAuthPluginManager] Load ClientAuthService com.alibaba.nacos.client.auth.impl.NacosClientAuthServiceImpl success.
2026-03-27T13:49:43.862+08:00  INFO 50952 --- [service-collect] [           main] c.a.n.p.a.s.c.ClientAuthPluginManager    : [ClientAuthPluginManager] Load ClientAuthService com.alibaba.nacos.client.auth.ram.RamClientAuthServiceImpl success.
2026-03-27T13:49:45.031+08:00  INFO 50952 --- [service-collect] [           main] c.a.n.c.a.AbstractAbilityControlManager  : Ready to get current node abilities...
2026-03-27T13:49:45.032+08:00  INFO 50952 --- [service-collect] [           main] c.a.n.c.a.AbstractAbilityControlManager  : Ready to initialize current node abilities, support modes: [SDK_CLIENT]
2026-03-27T13:49:45.034+08:00  INFO 50952 --- [service-collect] [           main] c.a.n.c.a.AbstractAbilityControlManager  : Initialize current abilities finish...
2026-03-27T13:49:45.035+08:00  INFO 50952 --- [service-collect] [           main] c.a.n.c.a.d.NacosAbilityManagerHolder    : [AbilityControlManager] Successfully initialize AbilityControlManager
2026-03-27T13:49:45.076+08:00  INFO 50952 --- [service-collect] [           main] c.a.c.n.registry.NacosServiceRegistry    : nacos registry, DEFAULT_GROUP service-collect 10.200.36.244:8085 register finished
2026-03-27T13:49:45.310+08:00  INFO 50952 --- [service-collect] [           main] o.e.collect.CollectServiceApplication    : Started CollectServiceApplication in 14.138 seconds (process running for 14.788)
