2026-03-27T13:44:23.728+08:00  INFO 20268 --- [service-user] [           main] c.a.nacos.client.logging.NacosLogging    : Nacos Logging Adapter Builder: com.alibaba.nacos.logger.adapter.logback12.LogbackNacosLoggingAdapterBuilder
2026-03-27T13:44:23.737+08:00  INFO 20268 --- [service-user] [           main] c.a.nacos.client.logging.NacosLogging    : Nacos Logging Adapter Builder: com.alibaba.nacos.logger.adapter.logback14.LogbackNacosLoggingAdapterBuilder
2026-03-27T13:44:23.739+08:00  INFO 20268 --- [service-user] [           main] c.a.nacos.client.logging.NacosLogging    : Nacos Logging Adapter: com.alibaba.nacos.logger.adapter.logback14.LogbackNacosLoggingAdapter match ch.qos.logback.classic.Logger success.
2026-03-27T13:44:23.752+08:00  INFO 20268 --- [service-user] [           main] c.a.nacos.client.logging.NacosLogging    : Nacos Logging Adapter Builder: com.alibaba.nacos.logger.adapter.log4j2.Log4j2NacosLoggingAdapterBuilder

  .   ____          _            __ _ _
 /\\ / ___'_ __ _ _(_)_ __  __ _ \ \ \ \
( ( )\___ | '_ | '_| | '_ \/ _` | \ \ \ \
 \\/  ___)| |_)| | | | | || (_| |  ) ) ) )
  '  |____| .__|_| |_|_| |_\__, | / / / /
 =========|_|==============|___/=/_/_/_/

 :: Spring Boot ::                (v3.3.4)

INFO: Sentinel log output type is: file
INFO: Sentinel log charset is: utf-8
INFO: Sentinel log base directory is: C:\Users\s1362\logs\csp\
INFO: Sentinel log name use pid is: false
INFO: Sentinel log level is: INFO
2026-03-27T13:44:24.112+08:00  INFO 20268 --- [service-user] [           main] o.example.user.UserServiceApplication    : Starting UserServiceApplication using Java 17.0.12 with PID 20268 (D:\作业\笔记\cloud-demo模板\services\service-user\target\classes started by s1362 in D:\作业\笔记\cloud-demo模板\services\service-user)
2026-03-27T13:44:24.115+08:00  INFO 20268 --- [service-user] [           main] o.example.user.UserServiceApplication    : No active profile set, falling back to 1 default profile: "default"
2026-03-27T13:44:25.316+08:00  INFO 20268 --- [service-user] [           main] .s.d.r.c.RepositoryConfigurationDelegate : Multiple Spring Data modules found, entering strict repository configuration mode
2026-03-27T13:44:25.318+08:00  INFO 20268 --- [service-user] [           main] .s.d.r.c.RepositoryConfigurationDelegate : Bootstrapping Spring Data Redis repositories in DEFAULT mode.
2026-03-27T13:44:25.349+08:00  INFO 20268 --- [service-user] [           main] .s.d.r.c.RepositoryConfigurationDelegate : Finished Spring Data repository scanning in 17 ms. Found 0 Redis repository interfaces.
2026-03-27T13:44:25.535+08:00  INFO 20268 --- [service-user] [           main] o.s.cloud.context.scope.GenericScope     : BeanFactory id=5656a7d9-5ca8-3823-b238-a59d9b5c6b64
2026-03-27T13:44:25.594+08:00  WARN 20268 --- [service-user] [           main] trationDelegate$BeanPostProcessorChecker : Bean 'com.alibaba.cloud.nacos.NacosConfigAutoConfiguration' of type [com.alibaba.cloud.nacos.NacosConfigAutoConfiguration] is not eligible for getting processed by all BeanPostProcessors (for example: not eligible for auto-proxying). The currently created BeanPostProcessor [nacosAnnotationProcessor] is declared through a non-static factory method on that class; consider declaring it as static instead.
2026-03-27T13:44:26.365+08:00  INFO 20268 --- [service-user] [           main] o.s.b.w.embedded.tomcat.TomcatWebServer  : Tomcat initialized with port 8081 (http)
2026-03-27T13:44:26.399+08:00  INFO 20268 --- [service-user] [           main] o.apache.catalina.core.StandardService   : Starting service [Tomcat]
2026-03-27T13:44:26.399+08:00  INFO 20268 --- [service-user] [           main] o.apache.catalina.core.StandardEngine    : Starting Servlet engine: [Apache Tomcat/10.1.30]
2026-03-27T13:44:26.572+08:00  INFO 20268 --- [service-user] [           main] o.a.c.c.C.[Tomcat].[localhost].[/]       : Initializing Spring embedded WebApplicationContext
2026-03-27T13:44:26.574+08:00  INFO 20268 --- [service-user] [           main] w.s.c.ServletWebServerApplicationContext : Root WebApplicationContext: initialization completed in 2382 ms
 _ _   |_  _ _|_. ___ _ |    _ 
| | |\/|_)(_| | |_\  |_)||_|_\ 
     /               |         
                        3.5.5 
2026-03-27T13:44:28.235+08:00  INFO 20268 --- [service-user] [           main] c.a.c.sentinel.SentinelWebMvcConfigurer  : [Sentinel Starter] register SentinelWebInterceptor with urlPatterns: [/**].
2026-03-27T13:44:29.115+08:00  INFO 20268 --- [service-user] [           main] c.a.n.p.a.s.c.ClientAuthPluginManager    : [ClientAuthPluginManager] Load ClientAuthService com.alibaba.nacos.client.auth.impl.NacosClientAuthServiceImpl success.
2026-03-27T13:44:29.116+08:00  INFO 20268 --- [service-user] [           main] c.a.n.p.a.s.c.ClientAuthPluginManager    : [ClientAuthPluginManager] Load ClientAuthService com.alibaba.nacos.client.auth.ram.RamClientAuthServiceImpl success.
2026-03-27T13:44:30.263+08:00  WARN 20268 --- [service-user] [           main] ConfigServletWebServerApplicationContext : Exception encountered during context initialization - cancelling refresh attempt: org.springframework.context.ApplicationContextException: Failed to start bean 'webServerStartStop'
2026-03-27T13:44:30.298+08:00  INFO 20268 --- [service-user] [           main] .s.b.a.l.ConditionEvaluationReportLogger : 

Error starting ApplicationContext. To display the condition evaluation report re-run your application with 'debug' enabled.
2026-03-27T13:44:30.324+08:00 ERROR 20268 --- [service-user] [           main] o.s.b.d.LoggingFailureAnalysisReporter   : 

***************************
APPLICATION FAILED TO START
***************************

Description:

Web server failed to start. Port 8081 was already in use.

Action:

Identify and stop the process that's listening on port 8081 or configure this application to listen on another port.

