2026-03-27T13:49:30.378+08:00  INFO 33456 --- [service-comment] [           main] c.a.nacos.client.logging.NacosLogging    : Nacos Logging Adapter Builder: com.alibaba.nacos.logger.adapter.logback12.LogbackNacosLoggingAdapterBuilder
2026-03-27T13:49:30.387+08:00  INFO 33456 --- [service-comment] [           main] c.a.nacos.client.logging.NacosLogging    : Nacos Logging Adapter Builder: com.alibaba.nacos.logger.adapter.logback14.LogbackNacosLoggingAdapterBuilder
2026-03-27T13:49:30.389+08:00  INFO 33456 --- [service-comment] [           main] c.a.nacos.client.logging.NacosLogging    : Nacos Logging Adapter: com.alibaba.nacos.logger.adapter.logback14.LogbackNacosLoggingAdapter match ch.qos.logback.classic.Logger success.
2026-03-27T13:49:30.398+08:00  INFO 33456 --- [service-comment] [           main] c.a.nacos.client.logging.NacosLogging    : Nacos Logging Adapter Builder: com.alibaba.nacos.logger.adapter.log4j2.Log4j2NacosLoggingAdapterBuilder

  .   ____          _            __ _ _
 /\\ / ___'_ __ _ _(_)_ __  __ _ \ \ \ \
( ( )\___ | '_ | '_| | '_ \/ _` | \ \ \ \
 \\/  ___)| |_)| | | | | || (_| |  ) ) ) )
  '  |____| .__|_| |_|_| |_\__, | / / / /
 =========|_|==============|___/=/_/_/_/

 :: Spring Boot ::                (v3.3.4)

INFO: Sentinel log output type is: file
INFO: Sentinel log charset is: utf-8
INFO: Sentinel log base directory is: C:\Users\s1362\logs\csp\
INFO: Sentinel log name use pid is: false
INFO: Sentinel log level is: INFO
2026-03-27T13:49:30.987+08:00  INFO 33456 --- [service-comment] [           main] o.e.comment.CommentServiceApplication    : Starting CommentServiceApplication using Java 17.0.12 with PID 33456 (D:\作业\笔记\cloud-demo模板\services\service-comment\target\classes started by s1362 in D:\作业\笔记\cloud-demo模板\services\service-comment)
2026-03-27T13:49:30.990+08:00  INFO 33456 --- [service-comment] [           main] o.e.comment.CommentServiceApplication    : No active profile set, falling back to 1 default profile: "default"
2026-03-27T13:49:33.097+08:00  INFO 33456 --- [service-comment] [           main] .s.d.r.c.RepositoryConfigurationDelegate : Multiple Spring Data modules found, entering strict repository configuration mode
2026-03-27T13:49:33.102+08:00  INFO 33456 --- [service-comment] [           main] .s.d.r.c.RepositoryConfigurationDelegate : Bootstrapping Spring Data Redis repositories in DEFAULT mode.
2026-03-27T13:49:33.153+08:00  INFO 33456 --- [service-comment] [           main] .s.d.r.c.RepositoryConfigurationDelegate : Finished Spring Data repository scanning in 28 ms. Found 0 Redis repository interfaces.
2026-03-27T13:49:33.550+08:00  INFO 33456 --- [service-comment] [           main] o.s.cloud.context.scope.GenericScope     : BeanFactory id=7a0f1d3d-6835-31ca-b636-b8c11184ecf7
2026-03-27T13:49:33.645+08:00  WARN 33456 --- [service-comment] [           main] trationDelegate$BeanPostProcessorChecker : Bean 'com.alibaba.cloud.nacos.NacosConfigAutoConfiguration' of type [com.alibaba.cloud.nacos.NacosConfigAutoConfiguration] is not eligible for getting processed by all BeanPostProcessors (for example: not eligible for auto-proxying). The currently created BeanPostProcessor [nacosAnnotationProcessor] is declared through a non-static factory method on that class; consider declaring it as static instead.
2026-03-27T13:49:34.232+08:00  WARN 33456 --- [service-comment] [           main] trationDelegate$BeanPostProcessorChecker : Bean 'org.springframework.cloud.client.loadbalancer.LoadBalancerAutoConfiguration$DeferringLoadBalancerInterceptorConfig' of type [org.springframework.cloud.client.loadbalancer.LoadBalancerAutoConfiguration$DeferringLoadBalancerInterceptorConfig] is not eligible for getting processed by all BeanPostProcessors (for example: not eligible for auto-proxying). The currently created BeanPostProcessor [lbRestClientPostProcessor] is declared through a non-static factory method on that class; consider declaring it as static instead.
2026-03-27T13:49:34.238+08:00  WARN 33456 --- [service-comment] [           main] trationDelegate$BeanPostProcessorChecker : Bean 'deferringLoadBalancerInterceptor' of type [org.springframework.cloud.client.loadbalancer.DeferringLoadBalancerInterceptor] is not eligible for getting processed by all BeanPostProcessors (for example: not eligible for auto-proxying). Is this bean getting eagerly injected into a currently created BeanPostProcessor [lbRestClientPostProcessor]? Check the corresponding BeanPostProcessor declaration and its dependencies.
2026-03-27T13:49:34.935+08:00  INFO 33456 --- [service-comment] [           main] o.s.b.w.embedded.tomcat.TomcatWebServer  : Tomcat initialized with port 8084 (http)
2026-03-27T13:49:34.963+08:00  INFO 33456 --- [service-comment] [           main] o.apache.catalina.core.StandardService   : Starting service [Tomcat]
2026-03-27T13:49:34.964+08:00  INFO 33456 --- [service-comment] [           main] o.apache.catalina.core.StandardEngine    : Starting Servlet engine: [Apache Tomcat/10.1.30]
2026-03-27T13:49:35.250+08:00  INFO 33456 --- [service-comment] [           main] o.a.c.c.C.[Tomcat].[localhost].[/]       : Initializing Spring embedded WebApplicationContext
2026-03-27T13:49:35.253+08:00  INFO 33456 --- [service-comment] [           main] w.s.c.ServletWebServerApplicationContext : Root WebApplicationContext: initialization completed in 4181 ms
 _ _   |_  _ _|_. ___ _ |    _ 
| | |\/|_)(_| | |_\  |_)||_|_\ 
     /               |         
                        3.5.5 
2026-03-27T13:49:38.524+08:00  INFO 33456 --- [service-comment] [           main] o.s.c.openfeign.FeignClientFactoryBean   : For 'service-user' URL not provided. Will try picking an instance via load-balancing.
2026-03-27T13:49:38.861+08:00  INFO 33456 --- [service-comment] [           main] o.s.c.openfeign.FeignClientFactoryBean   : For 'service-product' URL not provided. Will try picking an instance via load-balancing.
2026-03-27T13:49:39.328+08:00  INFO 33456 --- [service-comment] [           main] c.a.c.sentinel.SentinelWebMvcConfigurer  : [Sentinel Starter] register SentinelWebInterceptor with urlPatterns: [/**].
2026-03-27T13:49:41.020+08:00  INFO 33456 --- [service-comment] [           main] c.a.n.p.a.s.c.ClientAuthPluginManager    : [ClientAuthPluginManager] Load ClientAuthService com.alibaba.nacos.client.auth.impl.NacosClientAuthServiceImpl success.
2026-03-27T13:49:41.022+08:00  INFO 33456 --- [service-comment] [           main] c.a.n.p.a.s.c.ClientAuthPluginManager    : [ClientAuthPluginManager] Load ClientAuthService com.alibaba.nacos.client.auth.ram.RamClientAuthServiceImpl success.
2026-03-27T13:49:42.903+08:00  WARN 33456 --- [service-comment] [           main] iguration$LoadBalancerCaffeineWarnLogger : Spring Cloud LoadBalancer is currently working with the default cache. While this cache implementation is useful for development and tests, it's recommended to use Caffeine cache in production.You can switch to using Caffeine cache, by adding it and org.springframework.cache.caffeine.CaffeineCacheManager to the classpath.
2026-03-27T13:49:43.078+08:00  INFO 33456 --- [service-comment] [           main] o.s.b.w.embedded.tomcat.TomcatWebServer  : Tomcat started on port 8084 (http) with context path '/'
2026-03-27T13:49:43.120+08:00  INFO 33456 --- [service-comment] [           main] c.a.n.p.a.s.c.ClientAuthPluginManager    : [ClientAuthPluginManager] Load ClientAuthService com.alibaba.nacos.client.auth.impl.NacosClientAuthServiceImpl success.
2026-03-27T13:49:43.121+08:00  INFO 33456 --- [service-comment] [           main] c.a.n.p.a.s.c.ClientAuthPluginManager    : [ClientAuthPluginManager] Load ClientAuthService com.alibaba.nacos.client.auth.ram.RamClientAuthServiceImpl success.
2026-03-27T13:49:44.425+08:00  INFO 33456 --- [service-comment] [           main] c.a.n.c.a.AbstractAbilityControlManager  : Ready to get current node abilities...
2026-03-27T13:49:44.428+08:00  INFO 33456 --- [service-comment] [           main] c.a.n.c.a.AbstractAbilityControlManager  : Ready to initialize current node abilities, support modes: [SDK_CLIENT]
2026-03-27T13:49:44.429+08:00  INFO 33456 --- [service-comment] [           main] c.a.n.c.a.AbstractAbilityControlManager  : Initialize current abilities finish...
2026-03-27T13:49:44.430+08:00  INFO 33456 --- [service-comment] [           main] c.a.n.c.a.d.NacosAbilityManagerHolder    : [AbilityControlManager] Successfully initialize AbilityControlManager
2026-03-27T13:49:44.480+08:00  INFO 33456 --- [service-comment] [           main] c.a.c.n.registry.NacosServiceRegistry    : nacos registry, DEFAULT_GROUP service-comment 10.200.36.244:8084 register finished
2026-03-27T13:49:44.742+08:00  INFO 33456 --- [service-comment] [           main] o.e.comment.CommentServiceApplication    : Started CommentServiceApplication in 14.938 seconds (process running for 15.528)
