2026-03-27T13:47:48.711+08:00  INFO 10064 --- [service-order] [           main] c.a.nacos.client.logging.NacosLogging    : Nacos Logging Adapter Builder: com.alibaba.nacos.logger.adapter.logback12.LogbackNacosLoggingAdapterBuilder
2026-03-27T13:47:48.726+08:00  INFO 10064 --- [service-order] [           main] c.a.nacos.client.logging.NacosLogging    : Nacos Logging Adapter Builder: com.alibaba.nacos.logger.adapter.logback14.LogbackNacosLoggingAdapterBuilder
2026-03-27T13:47:48.729+08:00  INFO 10064 --- [service-order] [           main] c.a.nacos.client.logging.NacosLogging    : Nacos Logging Adapter: com.alibaba.nacos.logger.adapter.logback14.LogbackNacosLoggingAdapter match ch.qos.logback.classic.Logger success.
2026-03-27T13:47:48.742+08:00  INFO 10064 --- [service-order] [           main] c.a.nacos.client.logging.NacosLogging    : Nacos Logging Adapter Builder: com.alibaba.nacos.logger.adapter.log4j2.Log4j2NacosLoggingAdapterBuilder

  .   ____          _            __ _ _
 /\\ / ___'_ __ _ _(_)_ __  __ _ \ \ \ \
( ( )\___ | '_ | '_| | '_ \/ _` | \ \ \ \
 \\/  ___)| |_)| | | | | || (_| |  ) ) ) )
  '  |____| .__|_| |_|_| |_\__, | / / / /
 =========|_|==============|___/=/_/_/_/

 :: Spring Boot ::                (v3.3.4)

INFO: Sentinel log output type is: file
INFO: Sentinel log charset is: utf-8
INFO: Sentinel log base directory is: C:\Users\s1362\logs\csp\
INFO: Sentinel log name use pid is: false
INFO: Sentinel log level is: INFO
2026-03-27T13:47:49.539+08:00  INFO 10064 --- [service-order] [           main] o.example.order.OrderServiceApplication  : Starting OrderServiceApplication using Java 17.0.12 with PID 10064 (D:\作业\笔记\cloud-demo模板\services\service-order\target\classes started by s1362 in D:\作业\笔记\cloud-demo模板\services\service-order)
2026-03-27T13:47:49.541+08:00  INFO 10064 --- [service-order] [           main] o.example.order.OrderServiceApplication  : No active profile set, falling back to 1 default profile: "default"
2026-03-27T13:47:52.154+08:00  INFO 10064 --- [service-order] [           main] .s.d.r.c.RepositoryConfigurationDelegate : Multiple Spring Data modules found, entering strict repository configuration mode
2026-03-27T13:47:52.158+08:00  INFO 10064 --- [service-order] [           main] .s.d.r.c.RepositoryConfigurationDelegate : Bootstrapping Spring Data Redis repositories in DEFAULT mode.
2026-03-27T13:47:52.246+08:00  INFO 10064 --- [service-order] [           main] .s.d.r.c.RepositoryConfigurationDelegate : Finished Spring Data repository scanning in 56 ms. Found 0 Redis repository interfaces.
2026-03-27T13:47:52.773+08:00  INFO 10064 --- [service-order] [           main] o.s.cloud.context.scope.GenericScope     : BeanFactory id=97850154-1203-33e5-80ba-eaa40e333b32
2026-03-27T13:47:52.909+08:00  WARN 10064 --- [service-order] [           main] trationDelegate$BeanPostProcessorChecker : Bean 'com.alibaba.cloud.nacos.NacosConfigAutoConfiguration' of type [com.alibaba.cloud.nacos.NacosConfigAutoConfiguration] is not eligible for getting processed by all BeanPostProcessors (for example: not eligible for auto-proxying). The currently created BeanPostProcessor [nacosAnnotationProcessor] is declared through a non-static factory method on that class; consider declaring it as static instead.
2026-03-27T13:47:55.189+08:00  INFO 10064 --- [service-order] [           main] o.s.b.w.embedded.tomcat.TomcatWebServer  : Tomcat initialized with port 8082 (http)
2026-03-27T13:47:55.264+08:00  INFO 10064 --- [service-order] [           main] o.apache.catalina.core.StandardService   : Starting service [Tomcat]
2026-03-27T13:47:55.270+08:00  INFO 10064 --- [service-order] [           main] o.apache.catalina.core.StandardEngine    : Starting Servlet engine: [Apache Tomcat/10.1.30]
2026-03-27T13:47:55.597+08:00  INFO 10064 --- [service-order] [           main] o.a.c.c.C.[Tomcat].[localhost].[/]       : Initializing Spring embedded WebApplicationContext
2026-03-27T13:47:55.600+08:00  INFO 10064 --- [service-order] [           main] w.s.c.ServletWebServerApplicationContext : Root WebApplicationContext: initialization completed in 5967 ms
 _ _   |_  _ _|_. ___ _ |    _ 
| | |\/|_)(_| | |_\  |_)||_|_\ 
     /               |         
                        3.5.5 
2026-03-27T13:47:59.453+08:00  INFO 10064 --- [service-order] [           main] com.zaxxer.hikari.HikariDataSource       : HikariPool-1 - Starting...
2026-03-27T13:48:00.174+08:00  INFO 10064 --- [service-order] [           main] com.zaxxer.hikari.pool.HikariPool        : HikariPool-1 - Added connection com.mysql.cj.jdbc.ConnectionImpl@49639118
2026-03-27T13:48:00.178+08:00  INFO 10064 --- [service-order] [           main] com.zaxxer.hikari.HikariDataSource       : HikariPool-1 - Start completed.
2026-03-27T13:48:00.195+08:00 DEBUG 10064 --- [service-order] [           main] o.e.o.mapper.GoodsMapper.findAllOnSale   : ==>  Preparing: SELECT * FROM goods WHERE goods_status = 1
2026-03-27T13:48:00.254+08:00 DEBUG 10064 --- [service-order] [           main] o.e.o.mapper.GoodsMapper.findAllOnSale   : ==> Parameters: 
2026-03-27T13:48:00.440+08:00 DEBUG 10064 --- [service-order] [           main] o.e.o.mapper.GoodsMapper.findAllOnSale   : <==      Total: 18
2026-03-27T13:48:02.839+08:00  INFO 10064 --- [service-order] [           main] o.e.o.s.impl.OrderDomainServiceImpl      : init stock cache finished, size=18
2026-03-27T13:48:03.640+08:00  INFO 10064 --- [service-order] [           main] c.a.c.sentinel.SentinelWebMvcConfigurer  : [Sentinel Starter] register SentinelWebInterceptor with urlPatterns: [/**].
2026-03-27T13:48:05.890+08:00  INFO 10064 --- [service-order] [           main] c.a.n.p.a.s.c.ClientAuthPluginManager    : [ClientAuthPluginManager] Load ClientAuthService com.alibaba.nacos.client.auth.impl.NacosClientAuthServiceImpl success.
2026-03-27T13:48:05.891+08:00  INFO 10064 --- [service-order] [           main] c.a.n.p.a.s.c.ClientAuthPluginManager    : [ClientAuthPluginManager] Load ClientAuthService com.alibaba.nacos.client.auth.ram.RamClientAuthServiceImpl success.
2026-03-27T13:48:07.558+08:00  INFO 10064 --- [service-order] [           main] o.s.b.w.embedded.tomcat.TomcatWebServer  : Tomcat started on port 8082 (http) with context path '/'
2026-03-27T13:48:07.618+08:00  INFO 10064 --- [service-order] [           main] c.a.n.p.a.s.c.ClientAuthPluginManager    : [ClientAuthPluginManager] Load ClientAuthService com.alibaba.nacos.client.auth.impl.NacosClientAuthServiceImpl success.
2026-03-27T13:48:07.619+08:00  INFO 10064 --- [service-order] [           main] c.a.n.p.a.s.c.ClientAuthPluginManager    : [ClientAuthPluginManager] Load ClientAuthService com.alibaba.nacos.client.auth.ram.RamClientAuthServiceImpl success.
2026-03-27T13:48:08.950+08:00  INFO 10064 --- [service-order] [           main] c.a.n.c.a.AbstractAbilityControlManager  : Ready to get current node abilities...
2026-03-27T13:48:08.953+08:00  INFO 10064 --- [service-order] [           main] c.a.n.c.a.AbstractAbilityControlManager  : Ready to initialize current node abilities, support modes: [SDK_CLIENT]
2026-03-27T13:48:08.955+08:00  INFO 10064 --- [service-order] [           main] c.a.n.c.a.AbstractAbilityControlManager  : Initialize current abilities finish...
2026-03-27T13:48:08.956+08:00  INFO 10064 --- [service-order] [           main] c.a.n.c.a.d.NacosAbilityManagerHolder    : [AbilityControlManager] Successfully initialize AbilityControlManager
2026-03-27T13:48:08.996+08:00  INFO 10064 --- [service-order] [           main] c.a.c.n.registry.NacosServiceRegistry    : nacos registry, DEFAULT_GROUP service-order 10.200.36.244:8082 register finished
2026-03-27T13:48:09.152+08:00  INFO 10064 --- [service-order] [           main] o.example.order.OrderServiceApplication  : Started OrderServiceApplication in 21.381 seconds (process running for 21.868)
